[03:06:04] [ServerMain/INFO]: Environment: Environment[sessionHost=https://sessionserver.mojang.com, servicesHost=https://api.minecraftservices.com, profilesHost=https://api.mojang.com, name=PROD]
[03:06:05] [ServerMain/INFO]: Loaded 1461 recipes
[03:06:05] [ServerMain/INFO]: Loaded 1574 advancements
[03:06:05] [Server thread/INFO]: Starting minecraft server version 1.21.10
[03:06:05] [Server thread/INFO]: Loading properties
[03:06:05] [Server thread/INFO]: Default game type: SURVIVAL
[03:06:05] [Server thread/INFO]: Generating keypair
[03:06:05] [Server thread/INFO]: Starting Minecraft server on *:25565
[03:06:06] [Server thread/INFO]: Using epoll channel type
[03:06:06] [Server thread/WARN]: **** SERVER IS RUNNING IN OFFLINE/INSECURE MODE!
[03:06:06] [Server thread/WARN]: The server will make no attempt to authenticate usernames. Beware.
[03:06:06] [Server thread/WARN]: While this makes the game possible to play without internet access, it also opens up the ability for hackers to connect with any username they choose.
[03:06:06] [Server thread/WARN]: To change this, set "online-mode" to "true" in the server.properties file.
[03:06:06] [Server thread/INFO]: Preparing level "world"
[03:06:06] [Server thread/INFO]: Loading 0 persistent chunks...
[03:06:06] [Server thread/INFO]: Preparing spawn area: 100%
[03:06:06] [Server thread/INFO]: Time elapsed: 14 ms
[03:06:06] [Server thread/INFO]: Done (0.459s)! For help, type "help"
[03:06:17] [Server thread/INFO]: smn[/127.9.60.163:56175] logged in with entity id 54 at (-750.5774792872369, 170.21216065042944, -122.56828077938142)
[03:06:17] [Server thread/INFO]: smn joined the game
[03:06:37] [Server thread/INFO]: alejo_2006[/127.99.70.4:38193] logged in with entity id 520 at (-703.8979345975453, 58.0, -119.15065744500467)
[03:06:37] [Server thread/INFO]: alejo_2006 joined the game
[03:07:35] [Server thread/INFO]: [Not Secure] <alejo_2006> zzzz
[03:08:11] [Server thread/INFO]: [Not Secure] <alejo_2006> zzz
[03:08:11] [Server thread/INFO]: [Not Secure] <alejo_2006> z
[03:08:11] [Server thread/INFO]: [Not Secure] <alejo_2006> z
[03:08:11] [Server thread/INFO]: [Not Secure] <alejo_2006> z
[03:08:11] [Server thread/INFO]: [Not Secure] <alejo_2006> z
[03:08:11] [Server thread/INFO]: [Not Secure] <alejo_2006> z
[03:08:12] [Server thread/INFO]: [Not Secure] <alejo_2006> z
[03:08:12] [Server thread/INFO]: [Not Secure] <alejo_2006> z
[03:08:12] [Server thread/INFO]: [Not Secure] <alejo_2006> z
[03:08:12] [Server thread/INFO]: [Not Secure] <alejo_2006> z
[03:08:27] [Server thread/INFO]: smn lost connection: Disconnected
[03:08:27] [Server thread/INFO]: smn left the game
[03:08:27] [Server thread/INFO]: [alejo_2006: Kicked smn: Kicked by an operator]
[03:08:27] [Server thread/WARN]: handleDisconnection() called twice
[03:08:30] [Server thread/INFO]: smn[/127.9.60.163:53111] logged in with entity id 1706 at (-547.9954281476821, 182.44152076276114, -203.01501070600875)
[03:08:30] [Server thread/INFO]: smn joined the game
[03:09:24] [Server thread/INFO]: edmi517[/127.190.76.60:56085] logged in with entity id 2644 at (-705.5066614827502, 58.0, -125.5423248246172)
[03:09:24] [Server thread/INFO]: edmi517 joined the game
[03:12:36] [Server thread/WARN]: Mismatch in destroy block pos: ja{x=-830, y=-24, z=-261} ja{x=-832, y=-25, z=-272}
[03:13:18] [Server thread/WARN]: Mismatch in destroy block pos: ja{x=-818, y=-25, z=-265} ja{x=-817, y=-26, z=-263}
[03:15:43] [Server thread/INFO]: alejo_2006 was killed
[03:15:43] [Server thread/INFO]: [smn: Killed alejo_2006]
[03:15:52] [Server thread/INFO]: [alejo_2006: Kicked smn: Kicked by an operator]
[03:15:52] [Netty Epoll Server IO #5/WARN]: Failed to deliver packet, sending fallback clientbound/minecraft:system_chat
io.netty.channel.StacklessClosedChannelException: null
	at io.netty.channel.AbstractChannel$AbstractUnsafe.write(Object, ChannelPromise)(Unknown Source) ~[netty-transport-4.1.118.Final.jar:4.1.118.Final]
[03:15:52] [Server thread/INFO]: smn lost connection: Kicked by an operator
[03:15:52] [Server thread/INFO]: smn left the game
[03:15:55] [Server thread/INFO]: smn[/127.9.60.163:34251] logged in with entity id 7110 at (-827.33333296314, -26.0, -259.52004612508824)
[03:15:55] [Server thread/INFO]: smn joined the game
[03:17:14] [Server thread/WARN]: alejo_2006 moved too quickly! 18.24744809095705,-1.4435532667745008,1.5315264533385005
[03:36:28] [Server thread/INFO]: [Not Secure] <alejo_2006> capa -29 era?
[03:36:37] [Server thread/INFO]: [Not Secure] <edmi517> no se
[03:36:54] [Server thread/INFO]: [Not Secure] <alejo_2006> banca que me fijo
[03:37:30] [Server thread/INFO]: [Not Secure] <alejo_2006> -59
[03:38:26] [Server thread/INFO]: edmi517 lost connection: Disconnected
[03:38:26] [Server thread/INFO]: edmi517 left the game
[03:45:20] [Server thread/WARN]: alejo_2006 moved too quickly! 0.2936419635548617,-11.523684986416654,-0.09151239144960233
[03:45:55] [Server thread/INFO]: alejo_2006 has made the advancement [Remote Getaway]
[03:47:26] [Server thread/INFO]: alejo_2006 has made the advancement [The City at the End of the Game]
[03:54:50] [Server thread/INFO]: smn lost connection: Disconnected
[03:54:50] [Server thread/INFO]: smn left the game
[04:10:07] [Server thread/INFO]: edmi517[/127.190.76.60:53635] logged in with entity id 41955 at (-827.7116304847466, -34.0, -268.2285328071232)
[04:10:07] [Server thread/INFO]: edmi517 joined the game
[04:10:17] [Server thread/INFO]: [alejo_2006: Teleported alejo_2006 to edmi517]
[04:10:17] [Server thread/INFO]: alejo_2006 has completed the challenge [Great View From Up Here]
[04:10:32] [Server thread/INFO]: edmi517 lost connection: Disconnected
[04:10:32] [Server thread/INFO]: edmi517 left the game
[04:11:24] [Server thread/INFO]: alejo_2006 lost connection: Disconnected
[04:11:24] [Server thread/INFO]: alejo_2006 left the game
[04:11:26] [Server thread/INFO]: Stopping the server
[04:11:26] [Server thread/INFO]: Stopping server
[04:11:26] [Server thread/INFO]: Saving players
[04:11:26] [Server thread/INFO]: Saving worlds
[04:11:26] [Server thread/INFO]: Saving chunks for level 'ServerLevel[world]'/minecraft:overworld
[04:11:26] [Server thread/INFO]: Saving chunks for level 'ServerLevel[world]'/minecraft:the_nether
[04:11:26] [Server thread/INFO]: Saving chunks for level 'ServerLevel[world]'/minecraft:the_end
[04:11:26] [Server thread/INFO]: ThreadedAnvilChunkStorage (world): All chunks are saved
[04:11:26] [Server thread/INFO]: ThreadedAnvilChunkStorage (DIM-1): All chunks are saved
[04:11:26] [Server thread/INFO]: ThreadedAnvilChunkStorage (DIM1): All chunks are saved
[04:11:26] [Server thread/INFO]: ThreadedAnvilChunkStorage: All dimensions are saved
